
T15859a.hs:18:5: error:
    • Cannot apply expression of type ‘KindOf A’
      to a visible type argument ‘Int’
    • In the expression: (undefined :: KindOf A) @Int
      In an equation for ‘a’: a = (undefined :: KindOf A) @Int

T15859a.hs:18:26: error:
    • Expected kind ‘k0’, but ‘A’ has kind ‘forall k -> k -> *’
      Cannot instantiate unification variable ‘k0’
      with a kind involving polytypes: forall k -> k -> *
    • In the first argument of ‘KindOf’, namely ‘A’
      In an expression type signature: KindOf A
      In the expression: undefined :: KindOf A
