                 (wombat1 [Occ=Once*!] :: T -> t)
                   A -> wombat1 T17901.A;
                   B -> wombat1 T17901.B;
                   C -> wombat1 T17901.C
  = \ (@t) (wombat1 :: T -> t) (x :: T) ->
      case x of wild { __DEFAULT -> wombat1 wild }
         Tmpl= \ (@t) (wombat2 [Occ=Once!] :: S -> t) (x [Occ=Once] :: S) ->
                 case x of wild [Occ=Once] { __DEFAULT -> wombat2 wild }}]
  = \ (@t) (wombat2 :: S -> t) (x :: S) ->
      case x of wild { __DEFAULT -> wombat2 wild }
         Tmpl= \ (@t) (wombat3 [Occ=Once!] :: W -> t) (x [Occ=Once] :: W) ->
                 case x of wild [Occ=Once] { __DEFAULT -> wombat3 wild }}]
  = \ (@t) (wombat3 :: W -> t) (x :: W) ->
      case x of wild { __DEFAULT -> wombat3 wild }
