                 case ds of { Bar dt [Occ=Once1] _ [Occ=Dead] -> GHC.Types.I# dt }}]
f = \ (ds :: Bar) -> case ds of { Bar dt dt1 -> GHC.Types.I# dt }
