Does the first instance of q depend on p-1.0?
1
Does the second instance of q depend on p-1.0?
1
10
11
